2026-02-18T23:00:27.609+05:30  INFO 19420 --- [RevShop_BackEnd] [main] c.r.RevShopBackEndApplication            : Starting RevShopBackEndApplication using Java 21.0.10 with PID 19420 (C:\Users\MANUBOTI REETHIKA\p2\RevShop_Project\target\classes started by MANUBOTI REETHIKA in C:\Users\MANUBOTI REETHIKA\p2\RevShop_Project)
2026-02-18T23:00:27.612+05:30 DEBUG 19420 --- [RevShop_BackEnd] [main] c.r.RevShopBackEndApplication            : Running with Spring Boot v4.0.2, Spring v7.0.3
2026-02-18T23:00:27.612+05:30  INFO 19420 --- [RevShop_BackEnd] [main] c.r.RevShopBackEndApplication            : No active profile set, falling back to 1 default profile: "default"
2026-02-18T23:00:28.375+05:30  INFO 19420 --- [RevShop_BackEnd] [main] .s.d.r.c.RepositoryConfigurationDelegate : Bootstrapping Spring Data JPA repositories in DEFAULT mode.
2026-02-18T23:00:28.454+05:30  INFO 19420 --- [RevShop_BackEnd] [main] .s.d.r.c.RepositoryConfigurationDelegate : Finished Spring Data repository scanning in 64 ms. Found 3 JPA repository interfaces.
2026-02-18T23:00:29.039+05:30  INFO 19420 --- [RevShop_BackEnd] [main] o.s.boot.tomcat.TomcatWebServer          : Tomcat initialized with port 8080 (http)
2026-02-18T23:00:29.062+05:30  INFO 19420 --- [RevShop_BackEnd] [main] o.apache.catalina.core.StandardService   : Starting service [Tomcat]
2026-02-18T23:00:29.062+05:30  INFO 19420 --- [RevShop_BackEnd] [main] o.apache.catalina.core.StandardEngine    : Starting Servlet engine: [Apache Tomcat/11.0.15]
2026-02-18T23:00:29.112+05:30  INFO 19420 --- [RevShop_BackEnd] [main] b.w.c.s.WebApplicationContextInitializer : Root WebApplicationContext: initialization completed in 1442 ms
2026-02-18T23:00:29.287+05:30  INFO 19420 --- [RevShop_BackEnd] [main] org.hibernate.orm.jpa                    : HHH008540: Processing PersistenceUnitInfo [name: default]
2026-02-18T23:00:29.359+05:30  INFO 19420 --- [RevShop_BackEnd] [main] org.hibernate.orm.core                   : HHH000001: Hibernate ORM core version 7.2.1.Final
2026-02-18T23:00:29.690+05:30  INFO 19420 --- [RevShop_BackEnd] [main] o.s.o.j.p.SpringPersistenceUnitInfo      : No LoadTimeWeaver setup: ignoring JPA class transformer
2026-02-18T23:00:29.740+05:30  INFO 19420 --- [RevShop_BackEnd] [main] com.zaxxer.hikari.HikariDataSource       : HikariPool-1 - Starting...
2026-02-18T23:00:30.118+05:30  INFO 19420 --- [RevShop_BackEnd] [main] com.zaxxer.hikari.pool.HikariPool        : HikariPool-1 - Added connection com.mysql.cj.jdbc.ConnectionImpl@145fe8ab
2026-02-18T23:00:30.118+05:30  INFO 19420 --- [RevShop_BackEnd] [main] com.zaxxer.hikari.HikariDataSource       : HikariPool-1 - Start completed.
2026-02-18T23:00:30.182+05:30  WARN 19420 --- [RevShop_BackEnd] [main] org.hibernate.orm.deprecation            : HHH90000025: MySQLDialect does not need to be specified explicitly using 'hibernate.dialect' (remove the property setting and it will be selected by default)
2026-02-18T23:00:30.197+05:30  INFO 19420 --- [RevShop_BackEnd] [main] org.hibernate.orm.connections.pooling    : HHH10001005: Database info:
	Database JDBC URL [jdbc:mysql://localhost:3306/seller_product_db]
	Database driver: MySQL Connector/J
	Database dialect: MySQLDialect
	Database version: 8.0.43
	Default catalog/schema: seller_product_db/undefined
	Autocommit mode: undefined/unknown
	Isolation level: REPEATABLE_READ [default REPEATABLE_READ]
	JDBC fetch size: none
	Pool: DataSourceConnectionProvider
	Minimum pool size: undefined/unknown
	Maximum pool size: undefined/unknown
2026-02-18T23:00:30.993+05:30  INFO 19420 --- [RevShop_BackEnd] [main] org.hibernate.orm.core                   : HHH000489: No JTA platform available (set 'hibernate.transaction.jta.platform' to enable JTA platform integration)
2026-02-18T23:00:31.120+05:30  INFO 19420 --- [RevShop_BackEnd] [main] j.LocalContainerEntityManagerFactoryBean : Initialized JPA EntityManagerFactory for persistence unit 'default'
2026-02-18T23:00:31.203+05:30  INFO 19420 --- [RevShop_BackEnd] [main] o.s.d.j.r.query.QueryEnhancerFactories   : Hibernate is in classpath; If applicable, HQL parser will be used.
2026-02-18T23:00:31.375+05:30  WARN 19420 --- [RevShop_BackEnd] [main] JpaBaseConfiguration$JpaWebConfiguration : spring.jpa.open-in-view is enabled by default. Therefore, database queries may be performed during view rendering. Explicitly configure spring.jpa.open-in-view to disable this warning
2026-02-18T23:00:31.626+05:30  WARN 19420 --- [RevShop_BackEnd] [main] .s.a.UserDetailsServiceAutoConfiguration : 

Using generated security password: 9cf8dd3f-c92f-4996-aed1-b781a4ab21d9

This generated password is for development use only. Your security configuration must be updated before running your application in production.

2026-02-18T23:00:31.659+05:30  INFO 19420 --- [RevShop_BackEnd] [main] r$InitializeUserDetailsManagerConfigurer : Global AuthenticationManager configured with UserDetailsService bean with name inMemoryUserDetailsManager
2026-02-18T23:00:31.816+05:30  INFO 19420 --- [RevShop_BackEnd] [main] o.s.boot.tomcat.TomcatWebServer          : Tomcat started on port 8080 (http) with context path '/'
2026-02-18T23:00:31.827+05:30  INFO 19420 --- [RevShop_BackEnd] [main] c.r.RevShopBackEndApplication            : Started RevShopBackEndApplication in 4.649 seconds (process running for 6.539)
